

+------------------------------------------------------------------------+
| The DDalphaAMG solver library.                                         |
| Copyright (C) 2016, Matthias Rottmann, Artur Strebel, Gustavo Ramirez, |
|       Simon Heybrock, Simone Bacchio, Bjoern Leder, Issaku Kanamori.   |
|                                                                        |
| This program comes with ABSOLUTELY NO WARRANTY.                        |
+------------------------------------------------------------------------+

configuration: conf/8x8x8x8b6.0000id3n1

Desired average plaquette: 1.7772950976130 in [0,3]

Desired average plaquette: 0.5924316992043 in [0,1]
BASIS0:OPENQCD/DD-HMC BASIS
antiperiodic boundary conditions in time
Configuration stored...
average plaquette: 1.7772950976130 in [0,3]

+----------------------------------------------------------+
| read in and set up the parallel dirac operator           |
| elapsed wall clock time: 0.064541     seconds            |
+----------------------------------------------------------+
initial definition --- depth: 0
[0;42m[1;37m|  20% |  40% |  60% |  80% | 100% |[0m
depth: 0, time spent for setting up next coarser operator: 0.042166 seconds

initial coarse grid correction is defined
elapsed time: 0.875141 seconds

+----------------------------------------------------------+
| 2-level method                                           |
| postsmoothing K-cycle                                    |
| FGMRES + red-black multiplicative Schwarz                |
|          restart length: 10                              |
|                      m0: -0.690000                       |
|                     csw: +1.000000                       |
+----------------------------------------------------------+
|   preconditioner cycles: 1                               |
|            inner solver: minimal residual iteration      |
|               precision: single                          |
+---------------------- depth  0 --------------------------+
|          global lattice: 8   8   8   8                   |
|           local lattice: 8   8   8   8                   |
|           block lattice: 4   4   4   4                   |
|        post smooth iter: 3                               |
|     smoother inner iter: 4                               |
|              setup iter: 4                               |
|            test vectors: 24                              |
+---------------------- depth  1 --------------------------+
|          global lattice: 2   2   2   2                   |
|           local lattice: 2   2   2   2                   |
|           block lattice: 1   1   1   1                   |
|      coarge grid solver: odd even GMRES                  |
|              iterations: 30                              |
|                  cycles: 5                               |
|               tolerance: 1e-02                           |
+----------------------------------------------------------+
|          K-cycle length: 5                               |
|        K-cycle restarts: 2                               |
|       K-cycle tolerance: 1e-01                           |
+----------------------------------------------------------+

depth: 0, bootstrap step number 1...
[0;42m[1;37m|  20% |  40% |  60% |  80% | 100% |[0m
depth: 0, time spent for setting up next coarser operator: 0.042387 seconds
depth: 0, bootstrap step number 2...
[0;42m[1;37m|  20% |  40% |  60% |  80% | 100% |[0m
depth: 0, time spent for setting up next coarser operator: 0.042319 seconds
depth: 0, bootstrap step number 3...
[0;42m[1;37m|  20% |  40% |  60% |  80% | 100% |[0m
depth: 0, time spent for setting up next coarser operator: 0.041848 seconds
depth: 0, bootstrap step number 4...
[0;42m[1;37m|  20% |  40% |  60% |  80% | 100% |[0m
depth: 0, time spent for setting up next coarser operator: 0.041886 seconds

performed 4 iterative setup steps
elapsed time: 2.489978 seconds (0.946483 seconds on coarse grid)

rhs = ones
+----------------------------------------------------------+
| approx. rel. res. after  1      iterations: 5.146621e-01 |
| approx. rel. res. after  2      iterations: 3.835118e-01 |
| approx. rel. res. after  3      iterations: 3.006052e-01 |
| approx. rel. res. after  4      iterations: 2.320761e-01 |
| approx. rel. res. after  5      iterations: 1.944833e-01 |
| approx. rel. res. after  6      iterations: 1.800462e-01 |
| approx. rel. res. after  7      iterations: 1.674266e-01 |
| approx. rel. res. after  8      iterations: 1.653709e-01 |
| approx. rel. res. after  9      iterations: 1.598815e-01 |
| approx. rel. res. after  10     iterations: 1.453035e-01 |
| approx. rel. res. after  11     iterations: 1.335184e-01 |
| approx. rel. res. after  12     iterations: 1.045222e-01 |
| approx. rel. res. after  13     iterations: 8.236194e-02 |
| approx. rel. res. after  14     iterations: 6.316157e-02 |
| approx. rel. res. after  15     iterations: 5.273621e-02 |
| approx. rel. res. after  16     iterations: 4.500830e-02 |
| approx. rel. res. after  17     iterations: 4.182435e-02 |
| approx. rel. res. after  18     iterations: 3.327385e-02 |
| approx. rel. res. after  19     iterations: 2.660601e-02 |
| approx. rel. res. after  20     iterations: 2.247207e-02 |
| approx. rel. res. after  21     iterations: 1.823346e-02 |
| approx. rel. res. after  22     iterations: 1.672789e-02 |
| approx. rel. res. after  23     iterations: 1.414545e-02 |
| approx. rel. res. after  24     iterations: 1.306156e-02 |
| approx. rel. res. after  25     iterations: 1.068726e-02 |
| approx. rel. res. after  26     iterations: 7.973782e-03 |
| approx. rel. res. after  27     iterations: 6.066772e-03 |
| approx. rel. res. after  28     iterations: 4.359916e-03 |
| approx. rel. res. after  29     iterations: 2.901011e-03 |
| approx. rel. res. after  30     iterations: 2.217567e-03 |
| approx. rel. res. after  31     iterations: 1.822947e-03 |
| approx. rel. res. after  32     iterations: 1.668097e-03 |
| approx. rel. res. after  33     iterations: 1.480648e-03 |
| approx. rel. res. after  34     iterations: 1.437999e-03 |
| approx. rel. res. after  35     iterations: 1.420633e-03 |
| approx. rel. res. after  36     iterations: 1.386949e-03 |
| approx. rel. res. after  37     iterations: 1.274132e-03 |
| approx. rel. res. after  38     iterations: 1.092779e-03 |
| approx. rel. res. after  39     iterations: 8.522703e-04 |
| approx. rel. res. after  40     iterations: 6.036805e-04 |
| approx. rel. res. after  41     iterations: 4.139994e-04 |
| approx. rel. res. after  42     iterations: 3.558850e-04 |
| approx. rel. res. after  43     iterations: 3.139112e-04 |
| approx. rel. res. after  44     iterations: 2.656539e-04 |
| approx. rel. res. after  45     iterations: 2.163432e-04 |
| approx. rel. res. after  46     iterations: 1.614950e-04 |
| approx. rel. res. after  47     iterations: 1.252473e-04 |
| approx. rel. res. after  48     iterations: 9.380415e-05 |
| approx. rel. res. after  49     iterations: 6.819972e-05 |
| approx. rel. res. after  50     iterations: 5.071474e-05 |
| approx. rel. res. after  51     iterations: 4.427434e-05 |
| approx. rel. res. after  52     iterations: 3.220261e-05 |
| approx. rel. res. after  53     iterations: 2.881155e-05 |
| approx. rel. res. after  54     iterations: 2.484265e-05 |
| approx. rel. res. after  55     iterations: 1.886904e-05 |
| approx. rel. res. after  56     iterations: 1.577294e-05 |
| approx. rel. res. after  57     iterations: 1.212022e-05 |
| approx. rel. res. after  58     iterations: 8.038418e-06 |
| approx. rel. res. after  59     iterations: 5.726485e-06 |
| approx. rel. res. after  60     iterations: 3.630345e-06 |
| approx. rel. res. after  61     iterations: 2.837828e-06 |
| approx. rel. res. after  62     iterations: 1.927551e-06 |
| approx. rel. res. after  63     iterations: 1.635475e-06 |
| approx. rel. res. after  64     iterations: 1.420743e-06 |
| approx. rel. res. after  65     iterations: 1.198343e-06 |
| approx. rel. res. after  66     iterations: 8.496908e-07 |
| approx. rel. res. after  67     iterations: 6.266183e-07 |
| approx. rel. res. after  68     iterations: 4.125128e-07 |
| approx. rel. res. after  69     iterations: 3.551925e-07 |
| approx. rel. res. after  70     iterations: 2.964685e-07 |
| approx. rel. res. after  71     iterations: 2.660729e-07 |
| approx. rel. res. after  72     iterations: 2.428970e-07 |
| approx. rel. res. after  73     iterations: 2.036725e-07 |
| approx. rel. res. after  74     iterations: 1.724307e-07 |
| approx. rel. res. after  75     iterations: 1.293481e-07 |
| approx. rel. res. after  76     iterations: 8.609713e-08 |
| approx. rel. res. after  77     iterations: 5.936104e-08 |
| approx. rel. res. after  78     iterations: 4.165458e-08 |
| approx. rel. res. after  79     iterations: 3.206350e-08 |
| approx. rel. res. after  80     iterations: 2.355776e-08 |
| approx. rel. res. after  81     iterations: 2.019637e-08 |
| approx. rel. res. after  82     iterations: 1.805981e-08 |
| approx. rel. res. after  83     iterations: 1.669991e-08 |
| approx. rel. res. after  84     iterations: 1.381193e-08 |
| approx. rel. res. after  85     iterations: 1.209955e-08 |
| approx. rel. res. after  86     iterations: 1.012043e-08 |
| approx. rel. res. after  87     iterations: 7.406290e-09 |
+----------------------------------------------------------+

+----------------------------------------------------------+
|       FGMRES iterations: 87     coarse average: 25.93    |
| exact relative residual: ||r||/||b|| = 7.406290e-09      |
| elapsed wall clock time: 1.9583   seconds                |
|        coarse grid time: 0.5625   seconds (28.7%)        |
|  consumed core minutes*: 3.26e-02 (solve only)           |
|    max used mem/MPIproc: 1.00e-01 GB                     |
+----------------------------------------------------------+
*: only correct if #MPIprocs*#threads == #CPUs

