

+------------------------------------------------------------------------+
| The DDalphaAMG solver library.                                         |
| Copyright (C) 2016, Matthias Rottmann, Artur Strebel, Gustavo Ramirez, |
|       Simon Heybrock, Simone Bacchio, Bjoern Leder, Issaku Kanamori.   |
|                                                                        |
| This program comes with ABSOLUTELY NO WARRANTY.                        |
+------------------------------------------------------------------------+

configuration: ../conf/8x8x8x8b6.0000id3n1

Desired average plaquette: 1.7772950976130 in [0,3]

Desired average plaquette: 0.5924316992043 in [0,1]
BASIS0:OPENQCD/DD-HMC BASIS
antiperiodic boundary conditions in time
Configuration stored...
average plaquette: 1.7772950976130 in [0,3]

+----------------------------------------------------------+
| read in and set up the parallel dirac operator           |
| elapsed wall clock time: 0.0611584    seconds            |
+----------------------------------------------------------+
initial definition --- depth: 0
[0;42m[1;37m|  20% |  40% |  60% |  80% | 100% |[0m
depth: 0, time spent for setting up next coarser operator: 0.047698 seconds

initial coarse grid correction is defined
elapsed time: 0.979351 seconds

+----------------------------------------------------------+
| 2-level method                                           |
| postsmoothing K-cycle                                    |
| FGMRES + red-black multiplicative Schwarz                |
|          restart length: 10                              |
|                      m0: -0.690000                       |
|                     csw: +1.000000                       |
+----------------------------------------------------------+
|   preconditioner cycles: 1                               |
|            inner solver: minimal residual iteration      |
|               precision: single                          |
+---------------------- depth  0 --------------------------+
|          global lattice: 8   8   8   8                   |
|           local lattice: 8   8   8   8                   |
|           block lattice: 4   4   4   4                   |
|        post smooth iter: 3                               |
|     smoother inner iter: 4                               |
|              setup iter: 4                               |
|            test vectors: 24                              |
+---------------------- depth  1 --------------------------+
|          global lattice: 2   2   2   2                   |
|           local lattice: 2   2   2   2                   |
|           block lattice: 1   1   1   1                   |
|      coarge grid solver: odd even GMRES                  |
|              iterations: 30                              |
|                  cycles: 5                               |
|               tolerance: 1e-02                           |
+----------------------------------------------------------+
|          K-cycle length: 5                               |
|        K-cycle restarts: 2                               |
|       K-cycle tolerance: 1e-01                           |
+----------------------------------------------------------+

depth: 0, bootstrap step number 1...
[0;42m[1;37m|  20% |  40% |  60% |  80% | 100% |[0m
depth: 0, time spent for setting up next coarser operator: 0.047658 seconds
depth: 0, bootstrap step number 2...
[0;42m[1;37m|  20% |  40% |  60% |  80% | 100% |[0m
depth: 0, time spent for setting up next coarser operator: 0.047449 seconds
depth: 0, bootstrap step number 3...
[0;42m[1;37m|  20% |  40% |  60% |  80% | 100% |[0m
depth: 0, time spent for setting up next coarser operator: 0.047301 seconds
depth: 0, bootstrap step number 4...
[0;42m[1;37m|  20% |  40% |  60% |  80% | 100% |[0m
depth: 0, time spent for setting up next coarser operator: 0.047687 seconds

performed 4 iterative setup steps
elapsed time: 2.925087 seconds (1.170709 seconds on coarse grid)

rhs = ones
+----------------------------------------------------------+
| approx. rel. res. after  1      iterations: 1.287949e-01 |
| approx. rel. res. after  2      iterations: 4.752287e-02 |
| approx. rel. res. after  3      iterations: 1.970392e-02 |
| approx. rel. res. after  4      iterations: 8.673981e-03 |
| approx. rel. res. after  5      iterations: 3.751171e-03 |
| approx. rel. res. after  6      iterations: 1.358512e-03 |
| approx. rel. res. after  7      iterations: 5.161880e-04 |
| approx. rel. res. after  8      iterations: 2.024490e-04 |
| approx. rel. res. after  9      iterations: 6.565545e-05 |
| approx. rel. res. after  10     iterations: 2.753162e-05 |
| approx. rel. res. after  11     iterations: 1.076617e-05 |
| approx. rel. res. after  12     iterations: 4.884141e-06 |
| approx. rel. res. after  13     iterations: 2.037729e-06 |
| approx. rel. res. after  14     iterations: 8.454219e-07 |
| approx. rel. res. after  15     iterations: 3.269940e-07 |
| approx. rel. res. after  16     iterations: 1.191730e-07 |
| approx. rel. res. after  17     iterations: 4.797258e-08 |
| approx. rel. res. after  18     iterations: 1.917368e-08 |
| approx. rel. res. after  19     iterations: 7.160233e-09 |
+----------------------------------------------------------+

+----------------------------------------------------------+
|       FGMRES iterations: 19     coarse average: 49.79    |
| exact relative residual: ||r||/||b|| = 7.160233e-09      |
| elapsed wall clock time: 0.5738   seconds                |
|        coarse grid time: 0.2337   seconds (40.7%)        |
|  consumed core minutes*: 9.56e-03 (solve only)           |
|    max used mem/MPIproc: 1.00e-01 GB                     |
+----------------------------------------------------------+
*: only correct if #MPIprocs*#threads == #CPUs

